[INFO] Scanning for projects...
[INFO] 
[INFO] --------------------------< com.example:datn >--------------------------
[INFO] Building datn 0.0.1-SNAPSHOT
[INFO]   from pom.xml
[INFO] --------------------------------[ jar ]---------------------------------
[INFO] 
[INFO] --- resources:3.3.1:resources (default-resources) @ datn ---
[INFO] Copying 1 resource from src\main\resources to target\classes
[INFO] Copying 0 resource from src\main\resources to target\classes
[INFO] 
[INFO] --- compiler:3.14.1:compile (default-compile) @ datn ---
[INFO] Recompiling the module because of changed source code.
[INFO] Compiling 309 source files with javac [debug parameters release 21] to target\classes
[WARNING] /D:/datn/src/main/java/com/example/datn/Model/User.java:[52,21] @Builder will ignore the initializing expression entirely. If you want the initializing expression to serve as default, add @Builder.Default. If it is not supposed to be settable during building, make the field final.
[WARNING] /D:/datn/src/main/java/com/example/datn/DTO/Request/RegistrationPeriodRequest.java:[22,21] @Builder will ignore the initializing expression entirely. If you want the initializing expression to serve as default, add @Builder.Default. If it is not supposed to be settable during building, make the field final.
[WARNING] /D:/datn/src/main/java/com/example/datn/Model/Enrollment.java:[28,37] @Builder will ignore the initializing expression entirely. If you want the initializing expression to serve as default, add @Builder.Default. If it is not supposed to be settable during building, make the field final.
[WARNING] /D:/datn/src/main/java/com/example/datn/Model/Semester.java:[26,21] @Builder will ignore the initializing expression entirely. If you want the initializing expression to serve as default, add @Builder.Default. If it is not supposed to be settable during building, make the field final.
[WARNING] /D:/datn/src/main/java/com/example/datn/Model/ProgramSubject.java:[40,20] @Builder will ignore the initializing expression entirely. If you want the initializing expression to serve as default, add @Builder.Default. If it is not supposed to be settable during building, make the field final.
[WARNING] /D:/datn/src/main/java/com/example/datn/Config/CacheConfig.java:[58,101] org.springframework.data.redis.serializer.GenericJackson2JsonRedisSerializer in org.springframework.data.redis.serializer has been deprecated and marked for removal
[INFO] /D:/datn/src/main/java/com/example/datn/Config/JwtProvider.java: D:\datn\src\main\java\com\example\datn\Config\JwtProvider.java uses or overrides a deprecated API.
[INFO] /D:/datn/src/main/java/com/example/datn/Config/JwtProvider.java: Recompile with -Xlint:deprecation for details.
[INFO] /D:/datn/src/main/java/com/example/datn/Config/JwtProvider.java: D:\datn\src\main\java\com\example\datn\Config\JwtProvider.java uses unchecked or unsafe operations.
[INFO] /D:/datn/src/main/java/com/example/datn/Config/JwtProvider.java: Recompile with -Xlint:unchecked for details.
[INFO] ------------------------------------------------------------------------
[INFO] BUILD SUCCESS
[INFO] ------------------------------------------------------------------------
[INFO] Total time:  7.787 s
[INFO] Finished at: 2026-05-10T02:07:23+07:00
[INFO] ------------------------------------------------------------------------
